>;https://www.autohotkey.com/docs/v1/Concepts.htm#numbers
#^^^^^^^^^^^^^^^^^^^^^^^^^^^^^^^^^^^^^^^^^^^^^^^^^^^^^^^^ source.ahk meta.comment.line.semicolon.ahk comment.line.semicolon.ahk
>
>;@ahk-neko-ignore 999 line; at 2023/3/5 https://www.autohotkey.com/docs/v1/lib/SetFormat.htm
#^^^^^^^^^^ source.ahk comment.line.semicolon.ahk
#          ^ source.ahk comment.line.semicolon.ahk
#           ^^^^^^ source.ahk comment.line.semicolon.ahk keyword.other.ahk
#                 ^ source.ahk comment.line.semicolon.ahk
#                  ^^^ source.ahk comment.line.semicolon.ahk constant.numeric.ahk
#                     ^^^^^^^^^^^^^^^^^^^^^^^^^^^^^^^^^^^^^^^^^^^^^^^^^^^^^^^^^^^^^^^^^^^^^^^ source.ahk comment.line.semicolon.ahk
>
>showMore := false
#^^^^^^^^^ source.ahk
#         ^^ source.ahk keyword.operator.assignment.ahk
#           ^ source.ahk
#            ^^^^^ source.ahk variable.other.constant.builtin.ahk
>if (showMore) {
#^^ source.ahk keyword.control.flow.ahk
#  ^ source.ahk
#   ^ source.ahk punctuation.bracket.ahk
#    ^^^^^^^^ source.ahk
#            ^ source.ahk punctuation.bracket.ahk
#             ^ source.ahk
#              ^ source.ahk punctuation.bracket.ahk
>    MsgBox % Max(123, 00123 -1)
#^^^^ source.ahk
#    ^^^^^^ source.ahk meta.command.line.ahk support.function.ahk
#          ^ source.ahk meta.command.line.ahk
#           ^ source.ahk meta.command.line.ahk punctuation.definition.variable.percent.ahk
#            ^ source.ahk meta.command.line.ahk
#             ^^^ source.ahk meta.command.line.ahk support.function.ahk
#                ^ source.ahk meta.command.line.ahk punctuation.bracket.ahk
#                 ^^^ source.ahk meta.command.line.ahk constant.numeric.decimal.ahk
#                    ^ source.ahk meta.command.line.ahk punctuation.ahk
#                     ^ source.ahk meta.command.line.ahk
#                      ^^^^^ source.ahk meta.command.line.ahk constant.numeric.decimal.ahk
#                           ^ source.ahk meta.command.line.ahk
#                            ^ source.ahk meta.command.line.ahk keyword.operator.arithmetic.ahk
#                             ^ source.ahk meta.command.line.ahk constant.numeric.decimal.ahk
#                              ^ source.ahk meta.command.line.ahk punctuation.bracket.ahk
>    MsgBox % Min(0x7B, 0x007B -0x1)
#^^^^ source.ahk
#    ^^^^^^ source.ahk meta.command.line.ahk support.function.ahk
#          ^ source.ahk meta.command.line.ahk
#           ^ source.ahk meta.command.line.ahk punctuation.definition.variable.percent.ahk
#            ^ source.ahk meta.command.line.ahk
#             ^^^ source.ahk meta.command.line.ahk support.function.ahk
#                ^ source.ahk meta.command.line.ahk punctuation.bracket.ahk
#                 ^^ source.ahk meta.command.line.ahk constant.numeric.hexadecimal.ahk keyword.other.unit.numeric.hexadecimal.ahk
#                   ^^ source.ahk meta.command.line.ahk constant.numeric.hexadecimal.ahk
#                     ^ source.ahk meta.command.line.ahk punctuation.ahk
#                      ^ source.ahk meta.command.line.ahk
#                       ^^ source.ahk meta.command.line.ahk constant.numeric.hexadecimal.ahk keyword.other.unit.numeric.hexadecimal.ahk
#                         ^^^^ source.ahk meta.command.line.ahk constant.numeric.hexadecimal.ahk
#                             ^ source.ahk meta.command.line.ahk
#                              ^ source.ahk meta.command.line.ahk keyword.operator.arithmetic.ahk
#                               ^^ source.ahk meta.command.line.ahk constant.numeric.hexadecimal.ahk keyword.other.unit.numeric.hexadecimal.ahk
#                                 ^ source.ahk meta.command.line.ahk constant.numeric.hexadecimal.ahk
#                                  ^ source.ahk meta.command.line.ahk punctuation.bracket.ahk
>    MsgBox % 3.14159
#^^^^ source.ahk
#    ^^^^^^ source.ahk meta.command.line.ahk support.function.ahk
#          ^ source.ahk meta.command.line.ahk
#           ^ source.ahk meta.command.line.ahk punctuation.definition.variable.percent.ahk
#            ^ source.ahk meta.command.line.ahk
#             ^^^^^^^ source.ahk meta.command.line.ahk constant.numeric.decimal.ahk
>    MsgBox % 0x001
#^^^^ source.ahk
#    ^^^^^^ source.ahk meta.command.line.ahk support.function.ahk
#          ^ source.ahk meta.command.line.ahk
#           ^ source.ahk meta.command.line.ahk punctuation.definition.variable.percent.ahk
#            ^ source.ahk meta.command.line.ahk
#             ^^ source.ahk meta.command.line.ahk constant.numeric.hexadecimal.ahk keyword.other.unit.numeric.hexadecimal.ahk
#               ^^^ source.ahk meta.command.line.ahk constant.numeric.hexadecimal.ahk
>    MsgBox % 1.0e4 + -2.1E-4
#^^^^ source.ahk
#    ^^^^^^ source.ahk meta.command.line.ahk support.function.ahk
#          ^ source.ahk meta.command.line.ahk
#           ^ source.ahk meta.command.line.ahk punctuation.definition.variable.percent.ahk
#            ^ source.ahk meta.command.line.ahk
#             ^^^ source.ahk meta.command.line.ahk constant.numeric.decimal.ahk
#                ^ source.ahk meta.command.line.ahk constant.numeric.decimal.ahk keyword.other.unit.numeric.decimal.ahk
#                 ^ source.ahk meta.command.line.ahk constant.numeric.decimal.ahk
#                  ^ source.ahk meta.command.line.ahk
#                   ^ source.ahk meta.command.line.ahk keyword.operator.arithmetic.ahk
#                    ^ source.ahk meta.command.line.ahk
#                     ^ source.ahk meta.command.line.ahk keyword.operator.arithmetic.ahk
#                      ^^^ source.ahk meta.command.line.ahk constant.numeric.decimal.ahk
#                         ^ source.ahk meta.command.line.ahk constant.numeric.decimal.ahk keyword.other.unit.numeric.decimal.ahk
#                          ^^ source.ahk meta.command.line.ahk constant.numeric.decimal.ahk
>
>    MsgBox, % "ln " A_LineNumber . " is " . 1
#^^^^ source.ahk
#    ^^^^^^ source.ahk meta.command.line.ahk support.function.ahk
#          ^ source.ahk meta.command.line.ahk punctuation.ahk
#           ^ source.ahk meta.command.line.ahk
#            ^ source.ahk meta.command.line.ahk punctuation.definition.variable.percent.ahk
#             ^ source.ahk meta.command.line.ahk
#              ^ source.ahk meta.command.line.ahk string.quoted.double.ahk punctuation.definition.string.begin.ahk
#               ^^^ source.ahk meta.command.line.ahk string.quoted.double.ahk
#                  ^ source.ahk meta.command.line.ahk string.quoted.double.ahk punctuation.definition.string.end.ahk
#                   ^ source.ahk meta.command.line.ahk
#                    ^^^^^^^^^^^^ source.ahk meta.command.line.ahk variable.other.constant.builtin.ahk
#                                ^^^ source.ahk meta.command.line.ahk
#                                   ^ source.ahk meta.command.line.ahk string.quoted.double.ahk punctuation.definition.string.begin.ahk
#                                    ^^^^ source.ahk meta.command.line.ahk string.quoted.double.ahk
#                                        ^ source.ahk meta.command.line.ahk string.quoted.double.ahk punctuation.definition.string.end.ahk
#                                         ^^^ source.ahk meta.command.line.ahk
#                                            ^ source.ahk meta.command.line.ahk constant.numeric.decimal.ahk
>        -9223372036854775808 (-0x8000000000000000)
#^^^^^^^^ source.ahk
#        ^ source.ahk keyword.operator.arithmetic.ahk
#         ^^^^^^^^^^^^^^^^^^^ source.ahk constant.numeric.decimal.ahk
#                            ^ source.ahk
#                             ^ source.ahk punctuation.bracket.ahk
#                              ^ source.ahk keyword.operator.arithmetic.ahk
#                               ^^ source.ahk constant.numeric.hexadecimal.ahk keyword.other.unit.numeric.hexadecimal.ahk
#                                 ^^^^^^^^^^^^^^^^ source.ahk constant.numeric.hexadecimal.ahk
#                                                 ^ source.ahk punctuation.bracket.ahk
>        +9223372036854775807 + (0x7FFFFFFFFFFFFFFF)
#^^^^^^^^ source.ahk
#        ^ source.ahk keyword.operator.arithmetic.ahk
#         ^^^^^^^^^^^^^^^^^^^ source.ahk constant.numeric.decimal.ahk
#                            ^ source.ahk
#                             ^ source.ahk keyword.operator.arithmetic.ahk
#                              ^ source.ahk
#                               ^ source.ahk punctuation.bracket.ahk
#                                ^^ source.ahk constant.numeric.hexadecimal.ahk keyword.other.unit.numeric.hexadecimal.ahk
#                                  ^^^^^^^^^^^^^^^^ source.ahk constant.numeric.hexadecimal.ahk
#                                                  ^ source.ahk punctuation.bracket.ahk
>
>    MsgBox, % 0xFF + 256
#^^^^ source.ahk
#    ^^^^^^ source.ahk meta.command.line.ahk support.function.ahk
#          ^ source.ahk meta.command.line.ahk punctuation.ahk
#           ^ source.ahk meta.command.line.ahk
#            ^ source.ahk meta.command.line.ahk punctuation.definition.variable.percent.ahk
#             ^ source.ahk meta.command.line.ahk
#              ^^ source.ahk meta.command.line.ahk constant.numeric.hexadecimal.ahk keyword.other.unit.numeric.hexadecimal.ahk
#                ^^ source.ahk meta.command.line.ahk constant.numeric.hexadecimal.ahk
#                  ^ source.ahk meta.command.line.ahk
#                   ^ source.ahk meta.command.line.ahk keyword.operator.arithmetic.ahk
#                    ^ source.ahk meta.command.line.ahk
#                     ^^^ source.ahk meta.command.line.ahk constant.numeric.decimal.ahk
>    MsgBox, % 255
#^^^^ source.ahk
#    ^^^^^^ source.ahk meta.command.line.ahk support.function.ahk
#          ^ source.ahk meta.command.line.ahk punctuation.ahk
#           ^ source.ahk meta.command.line.ahk
#            ^ source.ahk meta.command.line.ahk punctuation.definition.variable.percent.ahk
#             ^ source.ahk meta.command.line.ahk
#              ^^^ source.ahk meta.command.line.ahk constant.numeric.decimal.ahk
>    MsgBox % 06.0
#^^^^ source.ahk
#    ^^^^^^ source.ahk meta.command.line.ahk support.function.ahk
#          ^ source.ahk meta.command.line.ahk
#           ^ source.ahk meta.command.line.ahk punctuation.definition.variable.percent.ahk
#            ^ source.ahk meta.command.line.ahk
#             ^^^^ source.ahk meta.command.line.ahk constant.numeric.decimal.ahk
>
>    Var := 11.333333
#^^^^^^^^ source.ahk
#        ^^ source.ahk keyword.operator.assignment.ahk
#          ^ source.ahk
#           ^^^^^^^^^ source.ahk constant.numeric.decimal.ahk
>    MsgBox % 6.2
#^^^^ source.ahk
#    ^^^^^^ source.ahk meta.command.line.ahk support.function.ahk
#          ^ source.ahk meta.command.line.ahk
#           ^ source.ahk meta.command.line.ahk punctuation.definition.variable.percent.ahk
#            ^ source.ahk meta.command.line.ahk
#             ^^^ source.ahk meta.command.line.ahk constant.numeric.decimal.ahk
>
>    MsgBox % 10.33
#^^^^ source.ahk
#    ^^^^^^ source.ahk meta.command.line.ahk support.function.ahk
#          ^ source.ahk meta.command.line.ahk
#           ^ source.ahk meta.command.line.ahk punctuation.definition.variable.percent.ahk
#            ^ source.ahk meta.command.line.ahk
#             ^^^^^ source.ahk meta.command.line.ahk constant.numeric.decimal.ahk
>        +0.2
#^^^^^^^^ source.ahk
#        ^ source.ahk keyword.operator.arithmetic.ahk
#         ^^^ source.ahk constant.numeric.decimal.ahk
>        +11.33 
#^^^^^^^^ source.ahk
#        ^ source.ahk keyword.operator.arithmetic.ahk
#         ^^^^^ source.ahk constant.numeric.decimal.ahk
#              ^^ source.ahk
>        +06.0
#^^^^^^^^ source.ahk
#        ^ source.ahk keyword.operator.arithmetic.ahk
#         ^^^^ source.ahk constant.numeric.decimal.ahk
>        +000011
#^^^^^^^^ source.ahk
#        ^ source.ahk keyword.operator.arithmetic.ahk
#         ^^^^^^ source.ahk constant.numeric.decimal.ahk
>
>    Var -= 1
#^^^^^^^^ source.ahk
#        ^ source.ahk keyword.operator.arithmetic.ahk
#         ^ source.ahk keyword.operator.assignment.ahk
#          ^ source.ahk
#           ^ source.ahk constant.numeric.decimal.ahk
>    Var += 0
#^^^^^^^^ source.ahk
#        ^ source.ahk keyword.operator.arithmetic.ahk
#         ^ source.ahk keyword.operator.assignment.ahk
#          ^ source.ahk
#           ^ source.ahk constant.numeric.decimal.ahk
>    MsgBox % Var
#^^^^ source.ahk
#    ^^^^^^ source.ahk meta.command.line.ahk support.function.ahk
#          ^ source.ahk meta.command.line.ahk
#           ^ source.ahk meta.command.line.ahk punctuation.definition.variable.percent.ahk
#            ^^^^ source.ahk meta.command.line.ahk
>
>    MsgBox % 11
#^^^^ source.ahk
#    ^^^^^^ source.ahk meta.command.line.ahk support.function.ahk
#          ^ source.ahk meta.command.line.ahk
#           ^ source.ahk meta.command.line.ahk punctuation.definition.variable.percent.ahk
#            ^ source.ahk meta.command.line.ahk
#             ^^ source.ahk meta.command.line.ahk constant.numeric.decimal.ahk
>    MsgBox % 0xb 
#^^^^ source.ahk
#    ^^^^^^ source.ahk meta.command.line.ahk support.function.ahk
#          ^ source.ahk meta.command.line.ahk
#           ^ source.ahk meta.command.line.ahk punctuation.definition.variable.percent.ahk
#            ^ source.ahk meta.command.line.ahk
#             ^^ source.ahk meta.command.line.ahk constant.numeric.hexadecimal.ahk keyword.other.unit.numeric.hexadecimal.ahk
#               ^ source.ahk meta.command.line.ahk constant.numeric.hexadecimal.ahk
#                ^ source.ahk meta.command.line.ahk
>    MsgBox % Round(3.333, 1) +0.0
#^^^^ source.ahk
#    ^^^^^^ source.ahk meta.command.line.ahk support.function.ahk
#          ^ source.ahk meta.command.line.ahk
#           ^ source.ahk meta.command.line.ahk punctuation.definition.variable.percent.ahk
#            ^ source.ahk meta.command.line.ahk
#             ^^^^^ source.ahk meta.command.line.ahk support.function.ahk
#                  ^ source.ahk meta.command.line.ahk punctuation.bracket.ahk
#                   ^^^^^ source.ahk meta.command.line.ahk constant.numeric.decimal.ahk
#                        ^ source.ahk meta.command.line.ahk punctuation.ahk
#                         ^ source.ahk meta.command.line.ahk
#                          ^ source.ahk meta.command.line.ahk constant.numeric.decimal.ahk
#                           ^ source.ahk meta.command.line.ahk punctuation.bracket.ahk
#                            ^ source.ahk meta.command.line.ahk
#                             ^ source.ahk meta.command.line.ahk keyword.operator.arithmetic.ahk
#                              ^^^ source.ahk meta.command.line.ahk constant.numeric.decimal.ahk
>
>    MsgBox % 0.17 
#^^^^ source.ahk
#    ^^^^^^ source.ahk meta.command.line.ahk support.function.ahk
#          ^ source.ahk meta.command.line.ahk
#           ^ source.ahk meta.command.line.ahk punctuation.definition.variable.percent.ahk
#            ^ source.ahk meta.command.line.ahk
#             ^^^^ source.ahk meta.command.line.ahk constant.numeric.decimal.ahk
#                 ^ source.ahk meta.command.line.ahk
>    MsgBox % 0.1 + 0
#^^^^ source.ahk
#    ^^^^^^ source.ahk meta.command.line.ahk support.function.ahk
#          ^ source.ahk meta.command.line.ahk
#           ^ source.ahk meta.command.line.ahk punctuation.definition.variable.percent.ahk
#            ^ source.ahk meta.command.line.ahk
#             ^^^ source.ahk meta.command.line.ahk constant.numeric.decimal.ahk
#                ^ source.ahk meta.command.line.ahk
#                 ^ source.ahk meta.command.line.ahk keyword.operator.arithmetic.ahk
#                  ^ source.ahk meta.command.line.ahk
#                   ^ source.ahk meta.command.line.ahk constant.numeric.decimal.ahk
>    MsgBox % 0.10000000000000001 +0
#^^^^ source.ahk
#    ^^^^^^ source.ahk meta.command.line.ahk support.function.ahk
#          ^ source.ahk meta.command.line.ahk
#           ^ source.ahk meta.command.line.ahk punctuation.definition.variable.percent.ahk
#            ^ source.ahk meta.command.line.ahk
#             ^^^^^^^^^^^^^^^^^^^ source.ahk meta.command.line.ahk constant.numeric.decimal.ahk
#                                ^ source.ahk meta.command.line.ahk
#                                 ^ source.ahk meta.command.line.ahk keyword.operator.arithmetic.ahk
#                                  ^ source.ahk meta.command.line.ahk constant.numeric.decimal.ahk
>    MsgBox % 0.1 + 0.2
#^^^^ source.ahk
#    ^^^^^^ source.ahk meta.command.line.ahk support.function.ahk
#          ^ source.ahk meta.command.line.ahk
#           ^ source.ahk meta.command.line.ahk punctuation.definition.variable.percent.ahk
#            ^ source.ahk meta.command.line.ahk
#             ^^^ source.ahk meta.command.line.ahk constant.numeric.decimal.ahk
#                ^ source.ahk meta.command.line.ahk
#                 ^ source.ahk meta.command.line.ahk keyword.operator.arithmetic.ahk
#                  ^ source.ahk meta.command.line.ahk
#                   ^^^ source.ahk meta.command.line.ahk constant.numeric.decimal.ahk
>    MsgBox % 0.30000000000000004 +0
#^^^^ source.ahk
#    ^^^^^^ source.ahk meta.command.line.ahk support.function.ahk
#          ^ source.ahk meta.command.line.ahk
#           ^ source.ahk meta.command.line.ahk punctuation.definition.variable.percent.ahk
#            ^ source.ahk meta.command.line.ahk
#             ^^^^^^^^^^^^^^^^^^^ source.ahk meta.command.line.ahk constant.numeric.decimal.ahk
#                                ^ source.ahk meta.command.line.ahk
#                                 ^ source.ahk meta.command.line.ahk keyword.operator.arithmetic.ahk
#                                  ^ source.ahk meta.command.line.ahk constant.numeric.decimal.ahk
>    MsgBox % 0.3 + 0
#^^^^ source.ahk
#    ^^^^^^ source.ahk meta.command.line.ahk support.function.ahk
#          ^ source.ahk meta.command.line.ahk
#           ^ source.ahk meta.command.line.ahk punctuation.definition.variable.percent.ahk
#            ^ source.ahk meta.command.line.ahk
#             ^^^ source.ahk meta.command.line.ahk constant.numeric.decimal.ahk
#                ^ source.ahk meta.command.line.ahk
#                 ^ source.ahk meta.command.line.ahk keyword.operator.arithmetic.ahk
#                  ^ source.ahk meta.command.line.ahk
#                   ^ source.ahk meta.command.line.ahk constant.numeric.decimal.ahk
>    MsgBox % 0.29999999999999999 +0
#^^^^ source.ahk
#    ^^^^^^ source.ahk meta.command.line.ahk support.function.ahk
#          ^ source.ahk meta.command.line.ahk
#           ^ source.ahk meta.command.line.ahk punctuation.definition.variable.percent.ahk
#            ^ source.ahk meta.command.line.ahk
#             ^^^^^^^^^^^^^^^^^^^ source.ahk meta.command.line.ahk constant.numeric.decimal.ahk
#                                ^ source.ahk meta.command.line.ahk
#                                 ^ source.ahk meta.command.line.ahk keyword.operator.arithmetic.ahk
#                                  ^ source.ahk meta.command.line.ahk constant.numeric.decimal.ahk
>    MsgBox % 0.1 + 0.2 = 0.3
#^^^^ source.ahk
#    ^^^^^^ source.ahk meta.command.line.ahk support.function.ahk
#          ^ source.ahk meta.command.line.ahk
#           ^ source.ahk meta.command.line.ahk punctuation.definition.variable.percent.ahk
#            ^ source.ahk meta.command.line.ahk
#             ^^^ source.ahk meta.command.line.ahk constant.numeric.decimal.ahk
#                ^ source.ahk meta.command.line.ahk
#                 ^ source.ahk meta.command.line.ahk keyword.operator.arithmetic.ahk
#                  ^ source.ahk meta.command.line.ahk
#                   ^^^ source.ahk meta.command.line.ahk constant.numeric.decimal.ahk
#                      ^ source.ahk meta.command.line.ahk
#                       ^ source.ahk meta.command.line.ahk keyword.operator.assignment.ahk
#                        ^ source.ahk meta.command.line.ahk
#                         ^^^ source.ahk meta.command.line.ahk constant.numeric.decimal.ahk
>
>    MsgBox % Abs((0.1 + 0.2) - (0.3)) < 0.0000000000000001
#^^^^ source.ahk
#    ^^^^^^ source.ahk meta.command.line.ahk support.function.ahk
#          ^ source.ahk meta.command.line.ahk
#           ^ source.ahk meta.command.line.ahk punctuation.definition.variable.percent.ahk
#            ^ source.ahk meta.command.line.ahk
#             ^^^ source.ahk meta.command.line.ahk support.function.ahk
#                ^ source.ahk meta.command.line.ahk punctuation.bracket.ahk
#                 ^ source.ahk meta.command.line.ahk punctuation.bracket.ahk
#                  ^^^ source.ahk meta.command.line.ahk constant.numeric.decimal.ahk
#                     ^ source.ahk meta.command.line.ahk
#                      ^ source.ahk meta.command.line.ahk keyword.operator.arithmetic.ahk
#                       ^ source.ahk meta.command.line.ahk
#                        ^^^ source.ahk meta.command.line.ahk constant.numeric.decimal.ahk
#                           ^ source.ahk meta.command.line.ahk punctuation.bracket.ahk
#                            ^ source.ahk meta.command.line.ahk
#                             ^ source.ahk meta.command.line.ahk keyword.operator.arithmetic.ahk
#                              ^ source.ahk meta.command.line.ahk
#                               ^ source.ahk meta.command.line.ahk punctuation.bracket.ahk
#                                ^^^ source.ahk meta.command.line.ahk constant.numeric.decimal.ahk
#                                   ^ source.ahk meta.command.line.ahk punctuation.bracket.ahk
#                                    ^ source.ahk meta.command.line.ahk punctuation.bracket.ahk
#                                     ^ source.ahk meta.command.line.ahk
#                                      ^ source.ahk meta.command.line.ahk keyword.operator.comparison.ahk
#                                       ^ source.ahk meta.command.line.ahk
#                                        ^^^^^^^^^^^^^^^^^^ source.ahk meta.command.line.ahk constant.numeric.decimal.ahk
>    MsgBox % Round(0.1 + 0.2, 15) = Format("{:.15f}", 0.3)
#^^^^ source.ahk
#    ^^^^^^ source.ahk meta.command.line.ahk support.function.ahk
#          ^ source.ahk meta.command.line.ahk
#           ^ source.ahk meta.command.line.ahk punctuation.definition.variable.percent.ahk
#            ^ source.ahk meta.command.line.ahk
#             ^^^^^ source.ahk meta.command.line.ahk support.function.ahk
#                  ^ source.ahk meta.command.line.ahk punctuation.bracket.ahk
#                   ^^^ source.ahk meta.command.line.ahk constant.numeric.decimal.ahk
#                      ^ source.ahk meta.command.line.ahk
#                       ^ source.ahk meta.command.line.ahk keyword.operator.arithmetic.ahk
#                        ^ source.ahk meta.command.line.ahk
#                         ^^^ source.ahk meta.command.line.ahk constant.numeric.decimal.ahk
#                            ^ source.ahk meta.command.line.ahk punctuation.ahk
#                             ^ source.ahk meta.command.line.ahk
#                              ^^ source.ahk meta.command.line.ahk constant.numeric.decimal.ahk
#                                ^ source.ahk meta.command.line.ahk punctuation.bracket.ahk
#                                 ^ source.ahk meta.command.line.ahk
#                                  ^ source.ahk meta.command.line.ahk keyword.operator.assignment.ahk
#                                   ^ source.ahk meta.command.line.ahk
#                                    ^^^^^^ source.ahk meta.command.line.ahk support.function.ahk
#                                          ^ source.ahk meta.command.line.ahk punctuation.bracket.ahk
#                                           ^ source.ahk meta.command.line.ahk string.quoted.double.ahk punctuation.definition.string.begin.ahk
#                                            ^^^^^^^ source.ahk meta.command.line.ahk string.quoted.double.ahk
#                                                   ^ source.ahk meta.command.line.ahk string.quoted.double.ahk punctuation.definition.string.end.ahk
#                                                    ^ source.ahk meta.command.line.ahk punctuation.ahk
#                                                     ^ source.ahk meta.command.line.ahk
#                                                      ^^^ source.ahk meta.command.line.ahk constant.numeric.decimal.ahk
#                                                         ^ source.ahk meta.command.line.ahk punctuation.bracket.ahk
>}
#^ source.ahk punctuation.bracket.ahk
>
>showSetFormat := false
#^^^^^^^^^^^^^^ source.ahk
#              ^^ source.ahk keyword.operator.assignment.ahk
#                ^ source.ahk
#                 ^^^^^ source.ahk variable.other.constant.builtin.ahk
>if (showSetFormat) {
#^^ source.ahk keyword.control.flow.ahk
#  ^ source.ahk
#   ^ source.ahk punctuation.bracket.ahk
#    ^^^^^^^^^^^^^ source.ahk
#                 ^ source.ahk punctuation.bracket.ahk
#                  ^ source.ahk
#                   ^ source.ahk punctuation.bracket.ahk
>    ; note https://www.autohotkey.com/docs/v1/lib/SetFormat.htm#Fast
#^^^ source.ahk
#   ^ source.ahk meta.comment.line.semicolon.ahk
#    ^^^^^^^^^^^^^^^^^^^^^^^^^^^^^^^^^^^^^^^^^^^^^^^^^^^^^^^^^^^^^^^^ source.ahk meta.comment.line.semicolon.ahk comment.line.semicolon.ahk
>    MsgBox, % "SetFormat Fast vs. Slow Mode"
#^^^^ source.ahk
#    ^^^^^^ source.ahk meta.command.line.ahk support.function.ahk
#          ^ source.ahk meta.command.line.ahk punctuation.ahk
#           ^ source.ahk meta.command.line.ahk
#            ^ source.ahk meta.command.line.ahk punctuation.definition.variable.percent.ahk
#             ^ source.ahk meta.command.line.ahk
#              ^ source.ahk meta.command.line.ahk string.quoted.double.ahk punctuation.definition.string.begin.ahk
#               ^^^^^^^^^^^^^^^^^^^^^^^^^^^^ source.ahk meta.command.line.ahk string.quoted.double.ahk
#                                           ^ source.ahk meta.command.line.ahk string.quoted.double.ahk punctuation.definition.string.end.ahk
>    Var := 11.333333
#^^^^^^^^ source.ahk
#        ^^ source.ahk keyword.operator.assignment.ahk
#          ^ source.ahk
#           ^^^^^^^^^ source.ahk constant.numeric.decimal.ahk
>    SetFormat, float, 6.2
#^^^^ source.ahk
#    ^^^^^^^^^ source.ahk meta.command.line.ahk support.function.ahk
#             ^ source.ahk meta.command.line.ahk punctuation.ahk
#              ^ source.ahk meta.command.line.ahk
#               ^^^^^ source.ahk meta.command.line.ahk keyword.command.option.ahk
#                    ^ source.ahk meta.command.line.ahk punctuation.ahk
#                     ^ source.ahk meta.command.line.ahk
#                      ^^^ source.ahk meta.command.line.ahk constant.numeric.decimal.ahk
>    Var -= 1 ; Sets Var to be 10.33 with one leading space because the total width is 6.
#^^^^^^^^ source.ahk
#        ^ source.ahk keyword.operator.arithmetic.ahk
#         ^ source.ahk keyword.operator.assignment.ahk
#          ^ source.ahk
#           ^ source.ahk constant.numeric.decimal.ahk
#            ^ source.ahk meta.comment.line.semicolon.ahk
#             ^^^^^^^^^^^^^^^^^^^^^^^^^^^^^^^^^^^^^^^^^^^^^^^^^^^^^^^^^^^^^^^^^^^^^^^^^^^ source.ahk meta.comment.line.semicolon.ahk comment.line.semicolon.ahk
>    SetFormat, float, 0.2
#^^^^ source.ahk
#    ^^^^^^^^^ source.ahk meta.command.line.ahk support.function.ahk
#             ^ source.ahk meta.command.line.ahk punctuation.ahk
#              ^ source.ahk meta.command.line.ahk
#               ^^^^^ source.ahk meta.command.line.ahk keyword.command.option.ahk
#                    ^ source.ahk meta.command.line.ahk punctuation.ahk
#                     ^ source.ahk meta.command.line.ahk
#                      ^^^ source.ahk meta.command.line.ahk constant.numeric.decimal.ahk
>    Var += 1 ; Sets Var to be 11.33 with no leading spaces.
#^^^^^^^^ source.ahk
#        ^ source.ahk keyword.operator.arithmetic.ahk
#         ^ source.ahk keyword.operator.assignment.ahk
#          ^ source.ahk
#           ^ source.ahk constant.numeric.decimal.ahk
#            ^ source.ahk meta.comment.line.semicolon.ahk
#             ^^^^^^^^^^^^^^^^^^^^^^^^^^^^^^^^^^^^^^^^^^^^^^ source.ahk meta.comment.line.semicolon.ahk comment.line.semicolon.ahk
>    SetFormat, float, 06.0
#^^^^ source.ahk
#    ^^^^^^^^^ source.ahk meta.command.line.ahk support.function.ahk
#             ^ source.ahk meta.command.line.ahk punctuation.ahk
#              ^ source.ahk meta.command.line.ahk
#               ^^^^^ source.ahk meta.command.line.ahk keyword.command.option.ahk
#                    ^ source.ahk meta.command.line.ahk punctuation.ahk
#                     ^ source.ahk meta.command.line.ahk
#                      ^^^^ source.ahk meta.command.line.ahk constant.numeric.decimal.ahk
>    Var += 0 ; Sets Var to be 000011
#^^^^^^^^ source.ahk
#        ^ source.ahk keyword.operator.arithmetic.ahk
#         ^ source.ahk keyword.operator.assignment.ahk
#          ^ source.ahk
#           ^ source.ahk constant.numeric.decimal.ahk
#            ^ source.ahk meta.comment.line.semicolon.ahk
#             ^^^^^^^^^^^^^^^^^^^^^^^ source.ahk meta.comment.line.semicolon.ahk comment.line.semicolon.ahk
>
>    ; Convert a decimal integer to hexadecimal:
#^^^ source.ahk
#   ^ source.ahk meta.comment.line.semicolon.ahk
#    ^^^^^^^^^^^^^^^^^^^^^^^^^^^^^^^^^^^^^^^^^^^ source.ahk meta.comment.line.semicolon.ahk comment.line.semicolon.ahk
>    SetFormat, IntegerFast, hex
#^^^^ source.ahk
#    ^^^^^^^^^ source.ahk meta.command.line.ahk support.function.ahk
#             ^ source.ahk meta.command.line.ahk punctuation.ahk
#              ^ source.ahk meta.command.line.ahk
#               ^^^^^^^^^^^ source.ahk meta.command.line.ahk keyword.command.option.ahk
#                          ^ source.ahk meta.command.line.ahk punctuation.ahk
#                           ^^^^ source.ahk meta.command.line.ahk
>    Var += 0 ; Sets Var (which previously contained 11) to be 0xb.
#^^^^^^^^ source.ahk
#        ^ source.ahk keyword.operator.arithmetic.ahk
#         ^ source.ahk keyword.operator.assignment.ahk
#          ^ source.ahk
#           ^ source.ahk constant.numeric.decimal.ahk
#            ^ source.ahk meta.comment.line.semicolon.ahk
#             ^^^^^^^^^^^^^^^^^^^^^^^^^^^^^^^^^^^^^^^^^^^^^^^^^^^^^ source.ahk meta.comment.line.semicolon.ahk comment.line.semicolon.ahk
>    Var .= "" ; Necessary due to the "fast" mode.
#^^^^^^^^ source.ahk
#        ^^ source.ahk keyword.operator.assignment.ahk
#          ^ source.ahk
#           ^ source.ahk string.quoted.double.ahk punctuation.definition.string.begin.ahk
#            ^ source.ahk string.quoted.double.ahk punctuation.definition.string.end.ahk
#             ^ source.ahk meta.comment.line.semicolon.ahk
#              ^^^^^^^^^^^^^^^^^^^^^^^^^^^^^^^^^^^ source.ahk meta.comment.line.semicolon.ahk comment.line.semicolon.ahk
>    SetFormat, IntegerFast, d
#^^^^ source.ahk
#    ^^^^^^^^^ source.ahk meta.command.line.ahk support.function.ahk
#             ^ source.ahk meta.command.line.ahk punctuation.ahk
#              ^ source.ahk meta.command.line.ahk
#               ^^^^^^^^^^^ source.ahk meta.command.line.ahk keyword.command.option.ahk
#                          ^ source.ahk meta.command.line.ahk punctuation.ahk
#                           ^^ source.ahk meta.command.line.ahk
>}
#^ source.ahk punctuation.bracket.ahk
>
>; https://www.autohotkey.com/docs/v1/Concepts.htm#caching
#^^^^^^^^^^^^^^^^^^^^^^^^^^^^^^^^^^^^^^^^^^^^^^^^^^^^^^^^^ source.ahk meta.comment.line.semicolon.ahk comment.line.semicolon.ahk
>MsgBox % "1.0e3    is -> " 1.0e3 ; 1.0e3
#^^^^^^ source.ahk meta.command.line.ahk support.function.ahk
#      ^ source.ahk meta.command.line.ahk
#       ^ source.ahk meta.command.line.ahk punctuation.definition.variable.percent.ahk
#        ^ source.ahk meta.command.line.ahk
#         ^ source.ahk meta.command.line.ahk string.quoted.double.ahk punctuation.definition.string.begin.ahk
#          ^^^^^^^^^^^^^^^ source.ahk meta.command.line.ahk string.quoted.double.ahk
#                         ^ source.ahk meta.command.line.ahk string.quoted.double.ahk punctuation.definition.string.end.ahk
#                          ^ source.ahk meta.command.line.ahk
#                           ^^^ source.ahk meta.command.line.ahk constant.numeric.decimal.ahk
#                              ^ source.ahk meta.command.line.ahk constant.numeric.decimal.ahk keyword.other.unit.numeric.decimal.ahk
#                               ^ source.ahk meta.command.line.ahk constant.numeric.decimal.ahk
#                                ^ source.ahk meta.command.line.ahk meta.comment.line.semicolon.ahk
#                                 ^^^^^^^ source.ahk meta.command.line.ahk meta.comment.line.semicolon.ahk comment.line.semicolon.ahk
>MsgBox % "1.0e3 +0 is -> " 1.0e3 + 0 ; 1000.0
#^^^^^^ source.ahk meta.command.line.ahk support.function.ahk
#      ^ source.ahk meta.command.line.ahk
#       ^ source.ahk meta.command.line.ahk punctuation.definition.variable.percent.ahk
#        ^ source.ahk meta.command.line.ahk
#         ^ source.ahk meta.command.line.ahk string.quoted.double.ahk punctuation.definition.string.begin.ahk
#          ^^^^^^^^^^^^^^^ source.ahk meta.command.line.ahk string.quoted.double.ahk
#                         ^ source.ahk meta.command.line.ahk string.quoted.double.ahk punctuation.definition.string.end.ahk
#                          ^ source.ahk meta.command.line.ahk
#                           ^^^ source.ahk meta.command.line.ahk constant.numeric.decimal.ahk
#                              ^ source.ahk meta.command.line.ahk constant.numeric.decimal.ahk keyword.other.unit.numeric.decimal.ahk
#                               ^ source.ahk meta.command.line.ahk constant.numeric.decimal.ahk
#                                ^ source.ahk meta.command.line.ahk
#                                 ^ source.ahk meta.command.line.ahk keyword.operator.arithmetic.ahk
#                                  ^ source.ahk meta.command.line.ahk
#                                   ^ source.ahk meta.command.line.ahk constant.numeric.decimal.ahk
#                                    ^ source.ahk meta.command.line.ahk meta.comment.line.semicolon.ahk
#                                     ^^^^^^^^ source.ahk meta.command.line.ahk meta.comment.line.semicolon.ahk comment.line.semicolon.ahk
>
>
>; fake number
#^^^^^^^^^^^^^ source.ahk meta.comment.line.semicolon.ahk comment.line.semicolon.ahk
>MsgBox % "=========fake number================"
#^^^^^^ source.ahk meta.command.line.ahk support.function.ahk
#      ^ source.ahk meta.command.line.ahk
#       ^ source.ahk meta.command.line.ahk punctuation.definition.variable.percent.ahk
#        ^ source.ahk meta.command.line.ahk
#         ^ source.ahk meta.command.line.ahk string.quoted.double.ahk punctuation.definition.string.begin.ahk
#          ^^^^^^^^^^^^^^^^^^^^^^^^^^^^^^^^^^^^ source.ahk meta.command.line.ahk string.quoted.double.ahk
#                                              ^ source.ahk meta.command.line.ahk string.quoted.double.ahk punctuation.definition.string.end.ahk
>MsgBox % 1e3 +0 ; 1e3 is not number, because not any `.`
#^^^^^^ source.ahk meta.command.line.ahk support.function.ahk
#      ^ source.ahk meta.command.line.ahk
#       ^ source.ahk meta.command.line.ahk punctuation.definition.variable.percent.ahk
#        ^^^^^ source.ahk meta.command.line.ahk
#             ^ source.ahk meta.command.line.ahk keyword.operator.arithmetic.ahk
#              ^ source.ahk meta.command.line.ahk constant.numeric.decimal.ahk
#               ^ source.ahk meta.command.line.ahk meta.comment.line.semicolon.ahk
#                ^^^^^^^^^^^^^^^^^^^^^^^^^^^^^^^^^^^^^^^^ source.ahk meta.command.line.ahk meta.comment.line.semicolon.ahk comment.line.semicolon.ahk
>MsgBox % 1e3 ; 1e3 is not number, because not any `.`
#^^^^^^ source.ahk meta.command.line.ahk support.function.ahk
#      ^ source.ahk meta.command.line.ahk
#       ^ source.ahk meta.command.line.ahk punctuation.definition.variable.percent.ahk
#        ^^^^ source.ahk meta.command.line.ahk
#            ^ source.ahk meta.command.line.ahk meta.comment.line.semicolon.ahk
#             ^^^^^^^^^^^^^^^^^^^^^^^^^^^^^^^^^^^^^^^^ source.ahk meta.command.line.ahk meta.comment.line.semicolon.ahk comment.line.semicolon.ahk
>;        ^ is variable but not any value
#^^^^^^^^^^^^^^^^^^^^^^^^^^^^^^^^^^^^^^^^ source.ahk meta.comment.line.semicolon.ahk comment.line.semicolon.ahk
>
>1e2 := "HIHI"
#^^^^ source.ahk
#    ^^ source.ahk keyword.operator.assignment.ahk
#      ^ source.ahk
#       ^ source.ahk string.quoted.double.ahk punctuation.definition.string.begin.ahk
#        ^^^^ source.ahk string.quoted.double.ahk
#            ^ source.ahk string.quoted.double.ahk punctuation.definition.string.end.ahk
>MsgBox % 1e2 +0 ; space
#^^^^^^ source.ahk meta.command.line.ahk support.function.ahk
#      ^ source.ahk meta.command.line.ahk
#       ^ source.ahk meta.command.line.ahk punctuation.definition.variable.percent.ahk
#        ^^^^^ source.ahk meta.command.line.ahk
#             ^ source.ahk meta.command.line.ahk keyword.operator.arithmetic.ahk
#              ^ source.ahk meta.command.line.ahk constant.numeric.decimal.ahk
#               ^ source.ahk meta.command.line.ahk meta.comment.line.semicolon.ahk
#                ^^^^^^^ source.ahk meta.command.line.ahk meta.comment.line.semicolon.ahk comment.line.semicolon.ahk
>MsgBox % 1e2
#^^^^^^ source.ahk meta.command.line.ahk support.function.ahk
#      ^ source.ahk meta.command.line.ahk
#       ^ source.ahk meta.command.line.ahk punctuation.definition.variable.percent.ahk
#        ^^^^ source.ahk meta.command.line.ahk
>;        ^ variable but look like number
#^^^^^^^^^^^^^^^^^^^^^^^^^^^^^^^^^^^^^^^^ source.ahk meta.comment.line.semicolon.ahk comment.line.semicolon.ahk
>