>Gui, Add, UpDown, vMyUpDown Range1-10, 5
#^^^ source.ahk meta.command.line.gui.ahk support.function.gui.command.ahk
#   ^^ source.ahk meta.command.line.gui.ahk
#     ^^^ source.ahk meta.command.line.gui.ahk keyword.command.option.gui.param.ahk
#        ^ source.ahk meta.command.line.gui.ahk punctuation.ahk
#         ^ source.ahk meta.command.line.gui.ahk
#          ^^^^^^ source.ahk meta.command.line.gui.ahk meta.keyword.string.gui.other.options.ahk keyword.gui.ahk
#                ^ source.ahk meta.command.line.gui.ahk punctuation.ahk
#                 ^^^^^^^^^^^ source.ahk meta.command.line.gui.ahk
#                            ^^^^^ source.ahk meta.command.line.gui.ahk meta.keyword.string.gui.range.ahk keyword.string.gui.range.ahk
#                                 ^ source.ahk meta.command.line.gui.ahk meta.keyword.string.gui.range.ahk constant.numeric.gui.ahk
#                                  ^ source.ahk meta.command.line.gui.ahk meta.keyword.string.gui.range.ahk
#                                   ^^ source.ahk meta.command.line.gui.ahk constant.numeric.decimal.ahk
#                                     ^ source.ahk meta.command.line.gui.ahk punctuation.ahk
#                                      ^ source.ahk meta.command.line.gui.ahk
#                                       ^ source.ahk meta.command.line.gui.ahk constant.numeric.decimal.ahk
>; https://www.autohotkey.com/docs/v1/lib/GuiControls.htm#UpDown
#^^^^^^^^^^^^^^^^^^^^^^^^^^^^^^^^^^^^^^^^^^^^^^^^^^^^^^^^^^^^^^^ source.ahk meta.comment.line.semicolon.ahk comment.line.semicolon.ahk
>Gui, Add, UpDown, vMyUpDown Range1-1000, 5
#^^^ source.ahk meta.command.line.gui.ahk support.function.gui.command.ahk
#   ^^ source.ahk meta.command.line.gui.ahk
#     ^^^ source.ahk meta.command.line.gui.ahk keyword.command.option.gui.param.ahk
#        ^ source.ahk meta.command.line.gui.ahk punctuation.ahk
#         ^ source.ahk meta.command.line.gui.ahk
#          ^^^^^^ source.ahk meta.command.line.gui.ahk meta.keyword.string.gui.other.options.ahk keyword.gui.ahk
#                ^ source.ahk meta.command.line.gui.ahk punctuation.ahk
#                 ^^^^^^^^^^^ source.ahk meta.command.line.gui.ahk
#                            ^^^^^ source.ahk meta.command.line.gui.ahk meta.keyword.string.gui.range.ahk keyword.string.gui.range.ahk
#                                 ^ source.ahk meta.command.line.gui.ahk meta.keyword.string.gui.range.ahk constant.numeric.gui.ahk
#                                  ^ source.ahk meta.command.line.gui.ahk meta.keyword.string.gui.range.ahk
#                                   ^^^^ source.ahk meta.command.line.gui.ahk constant.numeric.decimal.ahk
#                                       ^ source.ahk meta.command.line.gui.ahk punctuation.ahk
#                                        ^ source.ahk meta.command.line.gui.ahk
#                                         ^ source.ahk meta.command.line.gui.ahk constant.numeric.decimal.ahk
>Gui, Add, UpDown, vMyUpDown Range-50-50, 5
#^^^ source.ahk meta.command.line.gui.ahk support.function.gui.command.ahk
#   ^^ source.ahk meta.command.line.gui.ahk
#     ^^^ source.ahk meta.command.line.gui.ahk keyword.command.option.gui.param.ahk
#        ^ source.ahk meta.command.line.gui.ahk punctuation.ahk
#         ^ source.ahk meta.command.line.gui.ahk
#          ^^^^^^ source.ahk meta.command.line.gui.ahk meta.keyword.string.gui.other.options.ahk keyword.gui.ahk
#                ^ source.ahk meta.command.line.gui.ahk punctuation.ahk
#                 ^^^^^^^^^^^ source.ahk meta.command.line.gui.ahk
#                            ^^^^^ source.ahk meta.command.line.gui.ahk meta.keyword.string.gui.range.ahk keyword.string.gui.range.ahk
#                                 ^ source.ahk meta.command.line.gui.ahk meta.keyword.string.gui.range.ahk
#                                  ^^ source.ahk meta.command.line.gui.ahk meta.keyword.string.gui.range.ahk constant.numeric.gui.ahk
#                                    ^ source.ahk meta.command.line.gui.ahk meta.keyword.string.gui.range.ahk
#                                     ^^ source.ahk meta.command.line.gui.ahk constant.numeric.decimal.ahk
#                                       ^ source.ahk meta.command.line.gui.ahk punctuation.ahk
#                                        ^ source.ahk meta.command.line.gui.ahk
#                                         ^ source.ahk meta.command.line.gui.ahk constant.numeric.decimal.ahk
>Gui, Add, UpDown, vMyUpDown Range-10--5, 5
#^^^ source.ahk meta.command.line.gui.ahk support.function.gui.command.ahk
#   ^^ source.ahk meta.command.line.gui.ahk
#     ^^^ source.ahk meta.command.line.gui.ahk keyword.command.option.gui.param.ahk
#        ^ source.ahk meta.command.line.gui.ahk punctuation.ahk
#         ^ source.ahk meta.command.line.gui.ahk
#          ^^^^^^ source.ahk meta.command.line.gui.ahk meta.keyword.string.gui.other.options.ahk keyword.gui.ahk
#                ^ source.ahk meta.command.line.gui.ahk punctuation.ahk
#                 ^^^^^^^^^^^ source.ahk meta.command.line.gui.ahk
#                            ^^^^^ source.ahk meta.command.line.gui.ahk meta.keyword.string.gui.range.ahk keyword.string.gui.range.ahk
#                                 ^ source.ahk meta.command.line.gui.ahk meta.keyword.string.gui.range.ahk
#                                  ^^ source.ahk meta.command.line.gui.ahk meta.keyword.string.gui.range.ahk constant.numeric.gui.ahk
#                                    ^ source.ahk meta.command.line.gui.ahk meta.keyword.string.gui.range.ahk
#                                     ^ source.ahk meta.command.line.gui.ahk keyword.operator.arithmetic.ahk
#                                      ^ source.ahk meta.command.line.gui.ahk constant.numeric.decimal.ahk
#                                       ^ source.ahk meta.command.line.gui.ahk punctuation.ahk
#                                        ^ source.ahk meta.command.line.gui.ahk
#                                         ^ source.ahk meta.command.line.gui.ahk constant.numeric.decimal.ahk
>
>; Range(?:-)?\d
#^^^^^^^^^^^^^^^ source.ahk meta.comment.line.semicolon.ahk comment.line.semicolon.ahk
>; https://www.autohotkey.com/docs/v1/lib/GuiControls.htm#UpDown_Options
#^^^^^^^^^^^^^^^^^^^^^^^^^^^^^^^^^^^^^^^^^^^^^^^^^^^^^^^^^^^^^^^^^^^^^^^ source.ahk meta.comment.line.semicolon.ahk comment.line.semicolon.ahk
>
>Gui, 2: + Minimize
#^^^ source.ahk meta.command.line.gui.ahk support.function.gui.command.ahk
#   ^^ source.ahk meta.command.line.gui.ahk
#     ^^^ source.ahk meta.command.line.gui.ahk variable.other.constant.gui.name.ahk
#        ^ source.ahk meta.command.line.gui.ahk keyword.command.option.gui.param.ahk
#         ^ source.ahk meta.command.line.gui.ahk
#          ^^^^^^^^ source.ahk meta.command.line.gui.ahk keyword.string.gui.show.ahk
>Gui, 2: - Minimize
#^^^ source.ahk meta.command.line.gui.ahk support.function.gui.command.ahk
#   ^^ source.ahk meta.command.line.gui.ahk
#     ^^^ source.ahk meta.command.line.gui.ahk variable.other.constant.gui.name.ahk
#        ^ source.ahk meta.command.line.gui.ahk keyword.command.option.gui.param.ahk
#         ^ source.ahk meta.command.line.gui.ahk
#          ^^^^^^^^ source.ahk meta.command.line.gui.ahk keyword.string.gui.show.ahk
>Gui, 2: -Minimize
#^^^ source.ahk meta.command.line.gui.ahk support.function.gui.command.ahk
#   ^^ source.ahk meta.command.line.gui.ahk
#     ^^^ source.ahk meta.command.line.gui.ahk variable.other.constant.gui.name.ahk
#        ^ source.ahk meta.command.line.gui.ahk keyword.command.option.gui.param.ahk
#         ^^^^^^^^ source.ahk meta.command.line.gui.ahk keyword.string.gui.show.ahk
>Gui, 2: -Minimize
#^^^ source.ahk meta.command.line.gui.ahk support.function.gui.command.ahk
#   ^^ source.ahk meta.command.line.gui.ahk
#     ^^^ source.ahk meta.command.line.gui.ahk variable.other.constant.gui.name.ahk
#        ^ source.ahk meta.command.line.gui.ahk keyword.command.option.gui.param.ahk
#         ^^^^^^^^ source.ahk meta.command.line.gui.ahk keyword.string.gui.show.ahk
>Gui, 2: Add
#^^^ source.ahk meta.command.line.gui.ahk support.function.gui.command.ahk
#   ^^ source.ahk meta.command.line.gui.ahk
#     ^^^ source.ahk meta.command.line.gui.ahk variable.other.constant.gui.name.ahk
#        ^^^ source.ahk meta.command.line.gui.ahk keyword.command.option.gui.param.ahk
>;    2: color should be variable.other.constant.gui.name.ahk
#^^^^^^^^^^^^^^^^^^^^^^^^^^^^^^^^^^^^^^^^^^^^^^^^^^^^^^^^^^^^ source.ahk meta.comment.line.semicolon.ahk comment.line.semicolon.ahk
>
>Gui, guiName: + Minimize
#^^^ source.ahk meta.command.line.gui.ahk support.function.gui.command.ahk
#   ^^ source.ahk meta.command.line.gui.ahk
#     ^^^^^^^^^ source.ahk meta.command.line.gui.ahk variable.other.constant.gui.name.ahk
#              ^ source.ahk meta.command.line.gui.ahk keyword.command.option.gui.param.ahk
#               ^ source.ahk meta.command.line.gui.ahk
#                ^^^^^^^^ source.ahk meta.command.line.gui.ahk keyword.string.gui.show.ahk
>Gui, guiName: - Minimize
#^^^ source.ahk meta.command.line.gui.ahk support.function.gui.command.ahk
#   ^^ source.ahk meta.command.line.gui.ahk
#     ^^^^^^^^^ source.ahk meta.command.line.gui.ahk variable.other.constant.gui.name.ahk
#              ^ source.ahk meta.command.line.gui.ahk keyword.command.option.gui.param.ahk
#               ^ source.ahk meta.command.line.gui.ahk
#                ^^^^^^^^ source.ahk meta.command.line.gui.ahk keyword.string.gui.show.ahk
>Gui, guiName: -Minimize
#^^^ source.ahk meta.command.line.gui.ahk support.function.gui.command.ahk
#   ^^ source.ahk meta.command.line.gui.ahk
#     ^^^^^^^^^ source.ahk meta.command.line.gui.ahk variable.other.constant.gui.name.ahk
#              ^ source.ahk meta.command.line.gui.ahk keyword.command.option.gui.param.ahk
#               ^^^^^^^^ source.ahk meta.command.line.gui.ahk keyword.string.gui.show.ahk
>Gui, guiName: Add
#^^^ source.ahk meta.command.line.gui.ahk support.function.gui.command.ahk
#   ^^ source.ahk meta.command.line.gui.ahk
#     ^^^^^^^^^ source.ahk meta.command.line.gui.ahk variable.other.constant.gui.name.ahk
#              ^^^ source.ahk meta.command.line.gui.ahk keyword.command.option.gui.param.ahk
>;    guiName: color should be variable.other.constant.gui.name.ahk
#^^^^^^^^^^^^^^^^^^^^^^^^^^^^^^^^^^^^^^^^^^^^^^^^^^^^^^^^^^^^^^^^^^ source.ahk meta.comment.line.semicolon.ahk comment.line.semicolon.ahk
>
>; Gui, add https://www.autohotkey.com/docs/v1/lib/GuiControls.htm
#^^^^^^^^^^^^^^^^^^^^^^^^^^^^^^^^^^^^^^^^^^^^^^^^^^^^^^^^^^^^^^^^^ source.ahk meta.comment.line.semicolon.ahk comment.line.semicolon.ahk
>Gui, add, Text
#^^^ source.ahk meta.command.line.gui.ahk support.function.gui.command.ahk
#   ^^ source.ahk meta.command.line.gui.ahk
#     ^^^ source.ahk meta.command.line.gui.ahk keyword.command.option.gui.param.ahk
#        ^ source.ahk meta.command.line.gui.ahk punctuation.ahk
#         ^ source.ahk meta.command.line.gui.ahk
#          ^^^^ source.ahk meta.command.line.gui.ahk meta.keyword.string.gui.other.options.ahk keyword.gui.ahk
>Gui, add, Edit
#^^^ source.ahk meta.command.line.gui.ahk support.function.gui.command.ahk
#   ^^ source.ahk meta.command.line.gui.ahk
#     ^^^ source.ahk meta.command.line.gui.ahk keyword.command.option.gui.param.ahk
#        ^ source.ahk meta.command.line.gui.ahk punctuation.ahk
#         ^ source.ahk meta.command.line.gui.ahk
#          ^^^^ source.ahk meta.command.line.gui.ahk meta.keyword.string.gui.other.options.ahk keyword.gui.ahk
>Gui, add, UpDown
#^^^ source.ahk meta.command.line.gui.ahk support.function.gui.command.ahk
#   ^^ source.ahk meta.command.line.gui.ahk
#     ^^^ source.ahk meta.command.line.gui.ahk keyword.command.option.gui.param.ahk
#        ^ source.ahk meta.command.line.gui.ahk punctuation.ahk
#         ^ source.ahk meta.command.line.gui.ahk
#          ^^^^^^ source.ahk meta.command.line.gui.ahk meta.keyword.string.gui.other.options.ahk keyword.gui.ahk
>Gui, add, Picture
#^^^ source.ahk meta.command.line.gui.ahk support.function.gui.command.ahk
#   ^^ source.ahk meta.command.line.gui.ahk
#     ^^^ source.ahk meta.command.line.gui.ahk keyword.command.option.gui.param.ahk
#        ^ source.ahk meta.command.line.gui.ahk punctuation.ahk
#         ^ source.ahk meta.command.line.gui.ahk
#          ^^^^^^^ source.ahk meta.command.line.gui.ahk meta.keyword.string.gui.other.options.ahk keyword.gui.ahk
>Gui, add, Button
#^^^ source.ahk meta.command.line.gui.ahk support.function.gui.command.ahk
#   ^^ source.ahk meta.command.line.gui.ahk
#     ^^^ source.ahk meta.command.line.gui.ahk keyword.command.option.gui.param.ahk
#        ^ source.ahk meta.command.line.gui.ahk punctuation.ahk
#         ^ source.ahk meta.command.line.gui.ahk
#          ^^^^^^ source.ahk meta.command.line.gui.ahk meta.keyword.string.gui.other.options.ahk keyword.gui.ahk
>Gui, add, Checkbox
#^^^ source.ahk meta.command.line.gui.ahk support.function.gui.command.ahk
#   ^^ source.ahk meta.command.line.gui.ahk
#     ^^^ source.ahk meta.command.line.gui.ahk keyword.command.option.gui.param.ahk
#        ^ source.ahk meta.command.line.gui.ahk punctuation.ahk
#         ^ source.ahk meta.command.line.gui.ahk
#          ^^^^^^^^ source.ahk meta.command.line.gui.ahk meta.keyword.string.gui.other.options.ahk keyword.gui.ahk
>Gui, add, Radio
#^^^ source.ahk meta.command.line.gui.ahk support.function.gui.command.ahk
#   ^^ source.ahk meta.command.line.gui.ahk
#     ^^^ source.ahk meta.command.line.gui.ahk keyword.command.option.gui.param.ahk
#        ^ source.ahk meta.command.line.gui.ahk punctuation.ahk
#         ^ source.ahk meta.command.line.gui.ahk
#          ^^^^^ source.ahk meta.command.line.gui.ahk meta.keyword.string.gui.other.options.ahk keyword.gui.ahk
>Gui, add, DropDownList
#^^^ source.ahk meta.command.line.gui.ahk support.function.gui.command.ahk
#   ^^ source.ahk meta.command.line.gui.ahk
#     ^^^ source.ahk meta.command.line.gui.ahk keyword.command.option.gui.param.ahk
#        ^ source.ahk meta.command.line.gui.ahk punctuation.ahk
#         ^ source.ahk meta.command.line.gui.ahk
#          ^^^^^^^^^^^^ source.ahk meta.command.line.gui.ahk meta.keyword.string.gui.other.options.ahk keyword.gui.ahk
>Gui, add, ComboBox
#^^^ source.ahk meta.command.line.gui.ahk support.function.gui.command.ahk
#   ^^ source.ahk meta.command.line.gui.ahk
#     ^^^ source.ahk meta.command.line.gui.ahk keyword.command.option.gui.param.ahk
#        ^ source.ahk meta.command.line.gui.ahk punctuation.ahk
#         ^ source.ahk meta.command.line.gui.ahk
#          ^^^^^^^^ source.ahk meta.command.line.gui.ahk meta.keyword.string.gui.other.options.ahk keyword.gui.ahk
>Gui, add, ListBox
#^^^ source.ahk meta.command.line.gui.ahk support.function.gui.command.ahk
#   ^^ source.ahk meta.command.line.gui.ahk
#     ^^^ source.ahk meta.command.line.gui.ahk keyword.command.option.gui.param.ahk
#        ^ source.ahk meta.command.line.gui.ahk punctuation.ahk
#         ^ source.ahk meta.command.line.gui.ahk
#          ^^^^^^^ source.ahk meta.command.line.gui.ahk meta.keyword.string.gui.other.options.ahk keyword.gui.ahk
>Gui, add, ListView
#^^^ source.ahk meta.command.line.gui.ahk support.function.gui.command.ahk
#   ^^ source.ahk meta.command.line.gui.ahk
#     ^^^ source.ahk meta.command.line.gui.ahk keyword.command.option.gui.param.ahk
#        ^ source.ahk meta.command.line.gui.ahk punctuation.ahk
#         ^ source.ahk meta.command.line.gui.ahk
#          ^^^^^^^^ source.ahk meta.command.line.gui.ahk meta.keyword.string.gui.other.options.ahk keyword.gui.ahk
>Gui, add, TreeView
#^^^ source.ahk meta.command.line.gui.ahk support.function.gui.command.ahk
#   ^^ source.ahk meta.command.line.gui.ahk
#     ^^^ source.ahk meta.command.line.gui.ahk keyword.command.option.gui.param.ahk
#        ^ source.ahk meta.command.line.gui.ahk punctuation.ahk
#         ^ source.ahk meta.command.line.gui.ahk
#          ^^^^^^^^ source.ahk meta.command.line.gui.ahk meta.keyword.string.gui.other.options.ahk keyword.gui.ahk
>Gui, add, Link
#^^^ source.ahk meta.command.line.gui.ahk support.function.gui.command.ahk
#   ^^ source.ahk meta.command.line.gui.ahk
#     ^^^ source.ahk meta.command.line.gui.ahk keyword.command.option.gui.param.ahk
#        ^ source.ahk meta.command.line.gui.ahk punctuation.ahk
#         ^ source.ahk meta.command.line.gui.ahk
#          ^^^^ source.ahk meta.command.line.gui.ahk meta.keyword.string.gui.other.options.ahk keyword.gui.ahk
>Gui, add, Hotkey
#^^^ source.ahk meta.command.line.gui.ahk support.function.gui.command.ahk
#   ^^ source.ahk meta.command.line.gui.ahk
#     ^^^ source.ahk meta.command.line.gui.ahk keyword.command.option.gui.param.ahk
#        ^ source.ahk meta.command.line.gui.ahk punctuation.ahk
#         ^ source.ahk meta.command.line.gui.ahk
#          ^^^^^^ source.ahk meta.command.line.gui.ahk meta.keyword.string.gui.other.options.ahk keyword.gui.ahk
>Gui, add, DateTime
#^^^ source.ahk meta.command.line.gui.ahk support.function.gui.command.ahk
#   ^^ source.ahk meta.command.line.gui.ahk
#     ^^^ source.ahk meta.command.line.gui.ahk keyword.command.option.gui.param.ahk
#        ^ source.ahk meta.command.line.gui.ahk punctuation.ahk
#         ^ source.ahk meta.command.line.gui.ahk
#          ^^^^^^^^ source.ahk meta.command.line.gui.ahk meta.keyword.string.gui.other.options.ahk keyword.gui.ahk
>Gui, add, MonthCal
#^^^ source.ahk meta.command.line.gui.ahk support.function.gui.command.ahk
#   ^^ source.ahk meta.command.line.gui.ahk
#     ^^^ source.ahk meta.command.line.gui.ahk keyword.command.option.gui.param.ahk
#        ^ source.ahk meta.command.line.gui.ahk punctuation.ahk
#         ^ source.ahk meta.command.line.gui.ahk
#          ^^^^^^^^ source.ahk meta.command.line.gui.ahk meta.keyword.string.gui.other.options.ahk keyword.gui.ahk
>Gui, add, Slider
#^^^ source.ahk meta.command.line.gui.ahk support.function.gui.command.ahk
#   ^^ source.ahk meta.command.line.gui.ahk
#     ^^^ source.ahk meta.command.line.gui.ahk keyword.command.option.gui.param.ahk
#        ^ source.ahk meta.command.line.gui.ahk punctuation.ahk
#         ^ source.ahk meta.command.line.gui.ahk
#          ^^^^^^ source.ahk meta.command.line.gui.ahk meta.keyword.string.gui.other.options.ahk keyword.gui.ahk
>Gui, add, Progress
#^^^ source.ahk meta.command.line.gui.ahk support.function.gui.command.ahk
#   ^^ source.ahk meta.command.line.gui.ahk
#     ^^^ source.ahk meta.command.line.gui.ahk keyword.command.option.gui.param.ahk
#        ^ source.ahk meta.command.line.gui.ahk punctuation.ahk
#         ^ source.ahk meta.command.line.gui.ahk
#          ^^^^^^^^ source.ahk meta.command.line.gui.ahk meta.keyword.string.gui.other.options.ahk keyword.gui.ahk
>Gui, add, GroupBox
#^^^ source.ahk meta.command.line.gui.ahk support.function.gui.command.ahk
#   ^^ source.ahk meta.command.line.gui.ahk
#     ^^^ source.ahk meta.command.line.gui.ahk keyword.command.option.gui.param.ahk
#        ^ source.ahk meta.command.line.gui.ahk punctuation.ahk
#         ^ source.ahk meta.command.line.gui.ahk
#          ^^^^^^^^ source.ahk meta.command.line.gui.ahk meta.keyword.string.gui.other.options.ahk keyword.gui.ahk
>Gui, add, Tab
#^^^ source.ahk meta.command.line.gui.ahk support.function.gui.command.ahk
#   ^^ source.ahk meta.command.line.gui.ahk
#     ^^^ source.ahk meta.command.line.gui.ahk keyword.command.option.gui.param.ahk
#        ^ source.ahk meta.command.line.gui.ahk punctuation.ahk
#         ^ source.ahk meta.command.line.gui.ahk
#          ^^^ source.ahk meta.command.line.gui.ahk meta.keyword.string.gui.other.options.ahk keyword.gui.ahk
>Gui, add, StatusBar
#^^^ source.ahk meta.command.line.gui.ahk support.function.gui.command.ahk
#   ^^ source.ahk meta.command.line.gui.ahk
#     ^^^ source.ahk meta.command.line.gui.ahk keyword.command.option.gui.param.ahk
#        ^ source.ahk meta.command.line.gui.ahk punctuation.ahk
#         ^ source.ahk meta.command.line.gui.ahk
#          ^^^^^^^^^ source.ahk meta.command.line.gui.ahk meta.keyword.string.gui.other.options.ahk keyword.gui.ahk
>Gui, add, ActiveX
#^^^ source.ahk meta.command.line.gui.ahk support.function.gui.command.ahk
#   ^^ source.ahk meta.command.line.gui.ahk
#     ^^^ source.ahk meta.command.line.gui.ahk keyword.command.option.gui.param.ahk
#        ^ source.ahk meta.command.line.gui.ahk punctuation.ahk
#         ^ source.ahk meta.command.line.gui.ahk
#          ^^^^^^^ source.ahk meta.command.line.gui.ahk meta.keyword.string.gui.other.options.ahk keyword.gui.ahk
>Gui, add, Custom
#^^^ source.ahk meta.command.line.gui.ahk support.function.gui.command.ahk
#   ^^ source.ahk meta.command.line.gui.ahk
#     ^^^ source.ahk meta.command.line.gui.ahk keyword.command.option.gui.param.ahk
#        ^ source.ahk meta.command.line.gui.ahk punctuation.ahk
#         ^ source.ahk meta.command.line.gui.ahk
#          ^^^^^^ source.ahk meta.command.line.gui.ahk meta.keyword.string.gui.other.options.ahk keyword.gui.ahk